[2026-07-07 16:38:27] INFO FlareSolverr: solving challenge for https://www.konachan.net/post.json?limit=100&tags=rating:safe%20mivit ...
------------------------------------------------------------------------
[2026-07-07 16:38:27] INFO FlareSolverr: POST http://localhost:8191/v1
[2026-07-07 16:38:27] INFO   target: https://www.konachan.net/post.json?limit=100&tags=rating:safe%20mivit
[2026-07-07 16:38:29] INFO FlareSolverr: HTTP 200, response 179060 bytes
[2026-07-07 16:38:29] INFO FlareSolverr: solved, status=200.0, body=167537 bytes
<html><head><meta name="color-scheme" content="light dark"><meta charset="utf-8"></head><body><pre>[{"id":387404,"tags":"boots cape dress ender_magnolia_bloom_in_the_mist gray_hair lilac_(ender_magnolia) mask miv4t robot short_hair techgirl","created_at":1741965144,"updated_at":1742222467,"creator_id":181250,"approver_id":null,"author":"BattlequeenYume","change":2425637,"source":"https://www.pixiv.net/en/artworks/128214485","score":32,"md5":"44135bbfc0d199786018e1357dcbd213","file_size":5332017,"file_ext":"png","file_url":"https://konachan.net/image/44135bbfc0d199786018e1357dcbd213/Konachan.co
[2026-07-07 16:38:29] INFO FlareSolverr: solving challenge for https://www.konachan.net/post.json?limit=100&tags=rating:questionable%20mivit ...
------------------------------------------------------------------------
[2026-07-07 16:38:29] INFO FlareSolverr: POST http://localhost:8191/v1
[2026-07-07 16:38:29] INFO   target: https://www.konachan.net/post.json?limit=100&tags=rating:questionable%20mivit
[2026-07-07 16:38:31] INFO FlareSolverr: HTTP 200, response 617 bytes
[2026-07-07 16:38:31] INFO FlareSolverr: solved, status=200.0, body=165 bytes
<html><head><meta name="color-scheme" content="light dark"><meta charset="utf-8"></head><body><pre>[]</pre><div class="json-formatter-container"></div></body></html>
[2026-07-07 16:38:31] INFO FlareSolverr: solving challenge for https://www.konachan.net/post.json?limit=100&tags=rating:explicit%20mivit ...
------------------------------------------------------------------------
[2026-07-07 16:38:31] INFO FlareSolverr: POST http://localhost:8191/v1
[2026-07-07 16:38:31] INFO   target: https://www.konachan.net/post.json?limit=100&tags=rating:explicit%20mivit
[2026-07-07 16:38:32] INFO FlareSolverr: HTTP 200, response 613 bytes
[2026-07-07 16:38:32] INFO FlareSolverr: solved, status=200.0, body=165 bytes
<html><head><meta name="color-scheme" content="light dark"><meta charset="utf-8"></head><body><pre>[]</pre><div class="json-formatter-container"></div></body></html>
